// Vitest Snapshot v1

exports[`Vending Machine > foo 1`] = `
"VendingMachine
"
`;

exports[`Vending Machine > initial state 1`] = `
"VendingMachine
"
`;
