VendingMachine
Display:                                               $0.05

